Archive member included to satisfy reference by file (symbol)

/usr/lib/gcc/avr/6.3.0/../../../../avr/lib/avr5/libm.a(addsf3.o)
                              inf1995tp4pb2.o (__subsf3)
/usr/lib/gcc/avr/6.3.0/../../../../avr/lib/avr5/libm.a(addsf3x.o)
                              /usr/lib/gcc/avr/6.3.0/../../../../avr/lib/avr5/libm.a(addsf3.o) (__addsf3x)
/usr/lib/gcc/avr/6.3.0/../../../../avr/lib/avr5/libm.a(divsf3.o)
                              inf1995tp4pb2.o (__divsf3)
/usr/lib/gcc/avr/6.3.0/../../../../avr/lib/avr5/libm.a(divsf3x.o)
                              /usr/lib/gcc/avr/6.3.0/../../../../avr/lib/avr5/libm.a(divsf3.o) (__divsf3x)
/usr/lib/gcc/avr/6.3.0/../../../../avr/lib/avr5/libm.a(fixsfsi.o)
                              inf1995tp4pb2.o (__fixsfsi)
/usr/lib/gcc/avr/6.3.0/../../../../avr/lib/avr5/libm.a(fixunssfsi.o)
                              /usr/lib/gcc/avr/6.3.0/../../../../avr/lib/avr5/libm.a(fixsfsi.o) (__fixunssfsi)
/usr/lib/gcc/avr/6.3.0/../../../../avr/lib/avr5/libm.a(floatsisf.o)
                              inf1995tp4pb2.o (__floatunsisf)
/usr/lib/gcc/avr/6.3.0/../../../../avr/lib/avr5/libm.a(fp_inf.o)
                              /usr/lib/gcc/avr/6.3.0/../../../../avr/lib/avr5/libm.a(addsf3x.o) (__fp_inf)
/usr/lib/gcc/avr/6.3.0/../../../../avr/lib/avr5/libm.a(fp_nan.o)
                              /usr/lib/gcc/avr/6.3.0/../../../../avr/lib/avr5/libm.a(addsf3x.o) (__fp_nan)
/usr/lib/gcc/avr/6.3.0/../../../../avr/lib/avr5/libm.a(fp_pscA.o)
                              /usr/lib/gcc/avr/6.3.0/../../../../avr/lib/avr5/libm.a(addsf3x.o) (__fp_pscA)
/usr/lib/gcc/avr/6.3.0/../../../../avr/lib/avr5/libm.a(fp_pscB.o)
                              /usr/lib/gcc/avr/6.3.0/../../../../avr/lib/avr5/libm.a(addsf3x.o) (__fp_pscB)
/usr/lib/gcc/avr/6.3.0/../../../../avr/lib/avr5/libm.a(fp_round.o)
                              /usr/lib/gcc/avr/6.3.0/../../../../avr/lib/avr5/libm.a(addsf3.o) (__fp_round)
/usr/lib/gcc/avr/6.3.0/../../../../avr/lib/avr5/libm.a(fp_split3.o)
                              /usr/lib/gcc/avr/6.3.0/../../../../avr/lib/avr5/libm.a(addsf3x.o) (__fp_split3)
/usr/lib/gcc/avr/6.3.0/../../../../avr/lib/avr5/libm.a(fp_zero.o)
                              /usr/lib/gcc/avr/6.3.0/../../../../avr/lib/avr5/libm.a(addsf3x.o) (__fp_zero)
/usr/lib/gcc/avr/6.3.0/../../../../avr/lib/avr5/libm.a(mulsf3.o)
                              inf1995tp4pb2.o (__mulsf3)
/usr/lib/gcc/avr/6.3.0/../../../../avr/lib/avr5/libm.a(mulsf3x.o)
                              /usr/lib/gcc/avr/6.3.0/../../../../avr/lib/avr5/libm.a(mulsf3.o) (__mulsf3x)
/usr/lib/gcc/avr/6.3.0/avr5/libgcc.a(_mulsi3.o)
                              inf1995tp4pb2.o (__mulsi3)
/usr/lib/gcc/avr/6.3.0/avr5/libgcc.a(_udivmodsi4.o)
                              inf1995tp4pb2.o (__udivmodsi4)
/usr/lib/gcc/avr/6.3.0/avr5/libgcc.a(_exit.o)
                              /usr/lib/gcc/avr/6.3.0/../../../../avr/lib/avr5/crtatmega324pa.o (exit)
/usr/lib/gcc/avr/6.3.0/avr5/libgcc.a(_muluhisi3.o)
                              inf1995tp4pb2.o (__muluhisi3)
/usr/lib/gcc/avr/6.3.0/avr5/libgcc.a(_umulhisi3.o)
                              /usr/lib/gcc/avr/6.3.0/avr5/libgcc.a(_muluhisi3.o) (__umulhisi3)

Memory Configuration

Name             Origin             Length             Attributes
text             0x0000000000000000 0x0000000000020000 xr
data             0x0000000000800060 0x000000000000ffa0 rw !x
eeprom           0x0000000000810000 0x0000000000010000 rw !x
fuse             0x0000000000820000 0x0000000000000003 rw !x
lock             0x0000000000830000 0x0000000000000400 rw !x
signature        0x0000000000840000 0x0000000000000400 rw !x
user_signatures  0x0000000000850000 0x0000000000000400 rw !x
*default*        0x0000000000000000 0xffffffffffffffff

Linker script and memory map

Address of section .data set to 0x800100
LOAD /usr/lib/gcc/avr/6.3.0/../../../../avr/lib/avr5/crtatmega324pa.o
LOAD inf1995tp4pb2.o
LOAD /usr/lib/gcc/avr/6.3.0/../../../../avr/lib/avr5/libm.a
START GROUP
LOAD /usr/lib/gcc/avr/6.3.0/avr5/libgcc.a
LOAD /usr/lib/gcc/avr/6.3.0/../../../../avr/lib/avr5/libm.a
LOAD /usr/lib/gcc/avr/6.3.0/../../../../avr/lib/avr5/libc.a
LOAD /usr/lib/gcc/avr/6.3.0/../../../../avr/lib/avr5/libatmega324pa.a
END GROUP
                0x0000000000020000                __TEXT_REGION_LENGTH__ = DEFINED (__TEXT_REGION_LENGTH__)?__TEXT_REGION_LENGTH__:0x20000
                0x000000000000ffa0                __DATA_REGION_LENGTH__ = DEFINED (__DATA_REGION_LENGTH__)?__DATA_REGION_LENGTH__:0xffa0
                0x0000000000010000                __EEPROM_REGION_LENGTH__ = DEFINED (__EEPROM_REGION_LENGTH__)?__EEPROM_REGION_LENGTH__:0x10000
                [0x0000000000000003]                __FUSE_REGION_LENGTH__ = DEFINED (__FUSE_REGION_LENGTH__)?__FUSE_REGION_LENGTH__:0x400
                0x0000000000000400                __LOCK_REGION_LENGTH__ = DEFINED (__LOCK_REGION_LENGTH__)?__LOCK_REGION_LENGTH__:0x400
                0x0000000000000400                __SIGNATURE_REGION_LENGTH__ = DEFINED (__SIGNATURE_REGION_LENGTH__)?__SIGNATURE_REGION_LENGTH__:0x400
                0x0000000000000400                __USER_SIGNATURE_REGION_LENGTH__ = DEFINED (__USER_SIGNATURE_REGION_LENGTH__)?__USER_SIGNATURE_REGION_LENGTH__:0x400

.hash
 *(.hash)

.dynsym
 *(.dynsym)

.dynstr
 *(.dynstr)

.gnu.version
 *(.gnu.version)

.gnu.version_d
 *(.gnu.version_d)

.gnu.version_r
 *(.gnu.version_r)

.rel.init
 *(.rel.init)

.rela.init
 *(.rela.init)

.rel.text
 *(.rel.text)
 *(.rel.text.*)
 *(.rel.gnu.linkonce.t*)

.rela.text
 *(.rela.text)
 *(.rela.text.*)
 *(.rela.gnu.linkonce.t*)

.rel.fini
 *(.rel.fini)

.rela.fini
 *(.rela.fini)

.rel.rodata
 *(.rel.rodata)
 *(.rel.rodata.*)
 *(.rel.gnu.linkonce.r*)

.rela.rodata
 *(.rela.rodata)
 *(.rela.rodata.*)
 *(.rela.gnu.linkonce.r*)

.rel.data
 *(.rel.data)
 *(.rel.data.*)
 *(.rel.gnu.linkonce.d*)

.rela.data
 *(.rela.data)
 *(.rela.data.*)
 *(.rela.gnu.linkonce.d*)

.rel.ctors
 *(.rel.ctors)

.rela.ctors
 *(.rela.ctors)

.rel.dtors
 *(.rel.dtors)

.rela.dtors
 *(.rela.dtors)

.rel.got
 *(.rel.got)

.rela.got
 *(.rela.got)

.rel.bss
 *(.rel.bss)

.rela.bss
 *(.rela.bss)

.rel.plt
 *(.rel.plt)

.rela.plt
 *(.rela.plt)

.text           0x0000000000000000      0x8d4
 *(.vectors)
 .vectors       0x0000000000000000       0x7c /usr/lib/gcc/avr/6.3.0/../../../../avr/lib/avr5/crtatmega324pa.o
                0x0000000000000000                __vectors
                0x0000000000000000                __vector_default
 *(.vectors)
 *(.progmem.gcc*)
                0x000000000000007c                . = ALIGN (0x2)
                0x000000000000007c                __trampolines_start = .
 *(.trampolines)
 .trampolines   0x000000000000007c        0x0 linker stubs
 *(.trampolines*)
                0x000000000000007c                __trampolines_end = .
 *libprintf_flt.a:*(.progmem.data)
 *libc.a:*(.progmem.data)
 *(.progmem*)
                0x000000000000007c                . = ALIGN (0x2)
 *(.jumptables)
 *(.jumptables*)
 *(.lowtext)
 *(.lowtext*)
                0x000000000000007c                __ctors_start = .
 *(.ctors)
                0x000000000000007c                __ctors_end = .
                0x000000000000007c                __dtors_start = .
 *(.dtors)
                0x000000000000007c                __dtors_end = .
 SORT(*)(.ctors)
 SORT(*)(.dtors)
 *(.init0)
 .init0         0x000000000000007c        0x0 /usr/lib/gcc/avr/6.3.0/../../../../avr/lib/avr5/crtatmega324pa.o
                0x000000000000007c                __init
 *(.init0)
 *(.init1)
 *(.init1)
 *(.init2)
 .init2         0x000000000000007c        0xc /usr/lib/gcc/avr/6.3.0/../../../../avr/lib/avr5/crtatmega324pa.o
 *(.init2)
 *(.init3)
 *(.init3)
 *(.init4)
 *(.init4)
 *(.init5)
 *(.init5)
 *(.init6)
 *(.init6)
 *(.init7)
 *(.init7)
 *(.init8)
 *(.init8)
 *(.init9)
 .init9         0x0000000000000088        0x8 /usr/lib/gcc/avr/6.3.0/../../../../avr/lib/avr5/crtatmega324pa.o
 *(.init9)
 *(.text)
 .text          0x0000000000000090        0x4 /usr/lib/gcc/avr/6.3.0/../../../../avr/lib/avr5/crtatmega324pa.o
                0x0000000000000090                __vector_22
                0x0000000000000090                __vector_28
                0x0000000000000090                __vector_1
                0x0000000000000090                __vector_24
                0x0000000000000090                __vector_12
                0x0000000000000090                __bad_interrupt
                0x0000000000000090                __vector_6
                0x0000000000000090                __vector_3
                0x0000000000000090                __vector_23
                0x0000000000000090                __vector_30
                0x0000000000000090                __vector_25
                0x0000000000000090                __vector_11
                0x0000000000000090                __vector_13
                0x0000000000000090                __vector_17
                0x0000000000000090                __vector_19
                0x0000000000000090                __vector_7
                0x0000000000000090                __vector_27
                0x0000000000000090                __vector_5
                0x0000000000000090                __vector_4
                0x0000000000000090                __vector_9
                0x0000000000000090                __vector_2
                0x0000000000000090                __vector_21
                0x0000000000000090                __vector_15
                0x0000000000000090                __vector_29
                0x0000000000000090                __vector_8
                0x0000000000000090                __vector_26
                0x0000000000000090                __vector_14
                0x0000000000000090                __vector_10
                0x0000000000000090                __vector_16
                0x0000000000000090                __vector_18
                0x0000000000000090                __vector_20
 .text          0x0000000000000094      0x27e inf1995tp4pb2.o
                0x0000000000000094                _Z7delayMsi
                0x00000000000000b2                _Z7delayUsi
                0x00000000000000cc                _Z15changeDirectionm
                0x00000000000000ce                _Z12actionnerPWMmmm
                0x00000000000001f2                _Z12actionnerPWMmmmi
 .text          0x0000000000000312        0x0 /usr/lib/gcc/avr/6.3.0/../../../../avr/lib/avr5/libm.a(addsf3.o)
 .text          0x0000000000000312        0x0 /usr/lib/gcc/avr/6.3.0/../../../../avr/lib/avr5/libm.a(addsf3x.o)
 .text          0x0000000000000312        0x0 /usr/lib/gcc/avr/6.3.0/../../../../avr/lib/avr5/libm.a(divsf3.o)
 .text          0x0000000000000312        0x0 /usr/lib/gcc/avr/6.3.0/../../../../avr/lib/avr5/libm.a(divsf3x.o)
 .text          0x0000000000000312        0x0 /usr/lib/gcc/avr/6.3.0/../../../../avr/lib/avr5/libm.a(fixsfsi.o)
 .text          0x0000000000000312        0x0 /usr/lib/gcc/avr/6.3.0/../../../../avr/lib/avr5/libm.a(fixunssfsi.o)
 .text          0x0000000000000312        0x0 /usr/lib/gcc/avr/6.3.0/../../../../avr/lib/avr5/libm.a(floatsisf.o)
 .text          0x0000000000000312        0x0 /usr/lib/gcc/avr/6.3.0/../../../../avr/lib/avr5/libm.a(fp_inf.o)
 .text          0x0000000000000312        0x0 /usr/lib/gcc/avr/6.3.0/../../../../avr/lib/avr5/libm.a(fp_nan.o)
 .text          0x0000000000000312        0x0 /usr/lib/gcc/avr/6.3.0/../../../../avr/lib/avr5/libm.a(fp_pscA.o)
 .text          0x0000000000000312        0x0 /usr/lib/gcc/avr/6.3.0/../../../../avr/lib/avr5/libm.a(fp_pscB.o)
 .text          0x0000000000000312        0x0 /usr/lib/gcc/avr/6.3.0/../../../../avr/lib/avr5/libm.a(fp_round.o)
 .text          0x0000000000000312        0x0 /usr/lib/gcc/avr/6.3.0/../../../../avr/lib/avr5/libm.a(fp_split3.o)
 .text          0x0000000000000312        0x0 /usr/lib/gcc/avr/6.3.0/../../../../avr/lib/avr5/libm.a(fp_zero.o)
 .text          0x0000000000000312        0x0 /usr/lib/gcc/avr/6.3.0/../../../../avr/lib/avr5/libm.a(mulsf3.o)
 .text          0x0000000000000312        0x0 /usr/lib/gcc/avr/6.3.0/../../../../avr/lib/avr5/libm.a(mulsf3x.o)
 .text          0x0000000000000312        0x0 /usr/lib/gcc/avr/6.3.0/avr5/libgcc.a(_mulsi3.o)
 .text          0x0000000000000312        0x0 /usr/lib/gcc/avr/6.3.0/avr5/libgcc.a(_udivmodsi4.o)
 .text          0x0000000000000312        0x0 /usr/lib/gcc/avr/6.3.0/avr5/libgcc.a(_exit.o)
 .text          0x0000000000000312        0x0 /usr/lib/gcc/avr/6.3.0/avr5/libgcc.a(_muluhisi3.o)
 .text          0x0000000000000312        0x0 /usr/lib/gcc/avr/6.3.0/avr5/libgcc.a(_umulhisi3.o)
                0x0000000000000312                . = ALIGN (0x2)
 *(.text.*)
 .text.startup  0x0000000000000312      0x106 inf1995tp4pb2.o
                0x0000000000000312                main
 .text.avr-libc.fplib
                0x0000000000000418        0xe /usr/lib/gcc/avr/6.3.0/../../../../avr/lib/avr5/libm.a(addsf3.o)
                0x0000000000000418                __subsf3
                0x000000000000041a                __addsf3
 .text.avr-libc.fplib
                0x0000000000000426       0xcc /usr/lib/gcc/avr/6.3.0/../../../../avr/lib/avr5/libm.a(addsf3x.o)
                0x0000000000000448                __addsf3x
 .text.avr-libc.fplib
                0x00000000000004f2        0x8 /usr/lib/gcc/avr/6.3.0/../../../../avr/lib/avr5/libm.a(divsf3.o)
                0x00000000000004f2                __divsf3
 .text.avr-libc.fplib
                0x00000000000004fa       0xdc /usr/lib/gcc/avr/6.3.0/../../../../avr/lib/avr5/libm.a(divsf3x.o)
                0x000000000000051a                __divsf3x
                0x0000000000000520                __divsf3_pse
 .text.avr-libc.fplib
                0x00000000000005d6        0xe /usr/lib/gcc/avr/6.3.0/../../../../avr/lib/avr5/libm.a(fixsfsi.o)
                0x00000000000005d6                __fixsfsi
 .text.avr-libc.fplib
                0x00000000000005e4       0x5e /usr/lib/gcc/avr/6.3.0/../../../../avr/lib/avr5/libm.a(fixunssfsi.o)
                0x00000000000005e4                __fixunssfsi
 .text.avr-libc.fplib
                0x0000000000000642       0x7a /usr/lib/gcc/avr/6.3.0/../../../../avr/lib/avr5/libm.a(floatsisf.o)
                0x0000000000000642                __floatunsisf
                0x0000000000000646                __floatsisf
 .text.avr-libc.fplib
                0x00000000000006bc        0xc /usr/lib/gcc/avr/6.3.0/../../../../avr/lib/avr5/libm.a(fp_inf.o)
                0x00000000000006bc                __fp_inf
 .text.avr-libc.fplib
                0x00000000000006c8        0x6 /usr/lib/gcc/avr/6.3.0/../../../../avr/lib/avr5/libm.a(fp_nan.o)
                0x00000000000006c8                __fp_nan
 .text.avr-libc.fplib
                0x00000000000006ce        0xe /usr/lib/gcc/avr/6.3.0/../../../../avr/lib/avr5/libm.a(fp_pscA.o)
                0x00000000000006ce                __fp_pscA
 .text.avr-libc.fplib
                0x00000000000006dc        0xe /usr/lib/gcc/avr/6.3.0/../../../../avr/lib/avr5/libm.a(fp_pscB.o)
                0x00000000000006dc                __fp_pscB
 .text.avr-libc.fplib
                0x00000000000006ea       0x22 /usr/lib/gcc/avr/6.3.0/../../../../avr/lib/avr5/libm.a(fp_round.o)
                0x00000000000006ea                __fp_round
 .text.avr-libc.fplib
                0x000000000000070c       0x44 /usr/lib/gcc/avr/6.3.0/../../../../avr/lib/avr5/libm.a(fp_split3.o)
                0x000000000000070c                __fp_split3
                0x000000000000071c                __fp_splitA
 .text.avr-libc.fplib
                0x0000000000000750        0xe /usr/lib/gcc/avr/6.3.0/../../../../avr/lib/avr5/libm.a(fp_zero.o)
                0x0000000000000750                __fp_zero
                0x0000000000000752                __fp_szero
 .text.avr-libc.fplib
                0x000000000000075e        0x8 /usr/lib/gcc/avr/6.3.0/../../../../avr/lib/avr5/libm.a(mulsf3.o)
                0x000000000000075e                __mulsf3
 .text.avr-libc.fplib
                0x0000000000000766       0xd2 /usr/lib/gcc/avr/6.3.0/../../../../avr/lib/avr5/libm.a(mulsf3x.o)
                0x0000000000000784                __mulsf3x
                0x000000000000078a                __mulsf3_pse
 .text.libgcc.mul
                0x0000000000000838       0x20 /usr/lib/gcc/avr/6.3.0/avr5/libgcc.a(_mulsi3.o)
                0x0000000000000838                __mulsi3
 .text.libgcc.div
                0x0000000000000858        0x0 /usr/lib/gcc/avr/6.3.0/avr5/libgcc.a(_mulsi3.o)
 .text.libgcc   0x0000000000000858        0x0 /usr/lib/gcc/avr/6.3.0/avr5/libgcc.a(_mulsi3.o)
 .text.libgcc.prologue
                0x0000000000000858        0x0 /usr/lib/gcc/avr/6.3.0/avr5/libgcc.a(_mulsi3.o)
 .text.libgcc.builtins
                0x0000000000000858        0x0 /usr/lib/gcc/avr/6.3.0/avr5/libgcc.a(_mulsi3.o)
 .text.libgcc.fmul
                0x0000000000000858        0x0 /usr/lib/gcc/avr/6.3.0/avr5/libgcc.a(_mulsi3.o)
 .text.libgcc.fixed
                0x0000000000000858        0x0 /usr/lib/gcc/avr/6.3.0/avr5/libgcc.a(_mulsi3.o)
 .text.libgcc.mul
                0x0000000000000858        0x0 /usr/lib/gcc/avr/6.3.0/avr5/libgcc.a(_udivmodsi4.o)
 .text.libgcc.div
                0x0000000000000858       0x44 /usr/lib/gcc/avr/6.3.0/avr5/libgcc.a(_udivmodsi4.o)
                0x0000000000000858                __udivmodsi4
 .text.libgcc   0x000000000000089c        0x0 /usr/lib/gcc/avr/6.3.0/avr5/libgcc.a(_udivmodsi4.o)
 .text.libgcc.prologue
                0x000000000000089c        0x0 /usr/lib/gcc/avr/6.3.0/avr5/libgcc.a(_udivmodsi4.o)
 .text.libgcc.builtins
                0x000000000000089c        0x0 /usr/lib/gcc/avr/6.3.0/avr5/libgcc.a(_udivmodsi4.o)
 .text.libgcc.fmul
                0x000000000000089c        0x0 /usr/lib/gcc/avr/6.3.0/avr5/libgcc.a(_udivmodsi4.o)
 .text.libgcc.fixed
                0x000000000000089c        0x0 /usr/lib/gcc/avr/6.3.0/avr5/libgcc.a(_udivmodsi4.o)
 .text.libgcc.mul
                0x000000000000089c        0x0 /usr/lib/gcc/avr/6.3.0/avr5/libgcc.a(_exit.o)
 .text.libgcc.div
                0x000000000000089c        0x0 /usr/lib/gcc/avr/6.3.0/avr5/libgcc.a(_exit.o)
 .text.libgcc   0x000000000000089c        0x0 /usr/lib/gcc/avr/6.3.0/avr5/libgcc.a(_exit.o)
 .text.libgcc.prologue
                0x000000000000089c        0x0 /usr/lib/gcc/avr/6.3.0/avr5/libgcc.a(_exit.o)
 .text.libgcc.builtins
                0x000000000000089c        0x0 /usr/lib/gcc/avr/6.3.0/avr5/libgcc.a(_exit.o)
 .text.libgcc.fmul
                0x000000000000089c        0x0 /usr/lib/gcc/avr/6.3.0/avr5/libgcc.a(_exit.o)
 .text.libgcc.fixed
                0x000000000000089c        0x0 /usr/lib/gcc/avr/6.3.0/avr5/libgcc.a(_exit.o)
 .text.libgcc.mul
                0x000000000000089c       0x16 /usr/lib/gcc/avr/6.3.0/avr5/libgcc.a(_muluhisi3.o)
                0x000000000000089c                __muluhisi3
 .text.libgcc.div
                0x00000000000008b2        0x0 /usr/lib/gcc/avr/6.3.0/avr5/libgcc.a(_muluhisi3.o)
 .text.libgcc   0x00000000000008b2        0x0 /usr/lib/gcc/avr/6.3.0/avr5/libgcc.a(_muluhisi3.o)
 .text.libgcc.prologue
                0x00000000000008b2        0x0 /usr/lib/gcc/avr/6.3.0/avr5/libgcc.a(_muluhisi3.o)
 .text.libgcc.builtins
                0x00000000000008b2        0x0 /usr/lib/gcc/avr/6.3.0/avr5/libgcc.a(_muluhisi3.o)
 .text.libgcc.fmul
                0x00000000000008b2        0x0 /usr/lib/gcc/avr/6.3.0/avr5/libgcc.a(_muluhisi3.o)
 .text.libgcc.fixed
                0x00000000000008b2        0x0 /usr/lib/gcc/avr/6.3.0/avr5/libgcc.a(_muluhisi3.o)
 .text.libgcc.mul
                0x00000000000008b2       0x1e /usr/lib/gcc/avr/6.3.0/avr5/libgcc.a(_umulhisi3.o)
                0x00000000000008b2                __umulhisi3
 .text.libgcc.div
                0x00000000000008d0        0x0 /usr/lib/gcc/avr/6.3.0/avr5/libgcc.a(_umulhisi3.o)
 .text.libgcc   0x00000000000008d0        0x0 /usr/lib/gcc/avr/6.3.0/avr5/libgcc.a(_umulhisi3.o)
 .text.libgcc.prologue
                0x00000000000008d0        0x0 /usr/lib/gcc/avr/6.3.0/avr5/libgcc.a(_umulhisi3.o)
 .text.libgcc.builtins
                0x00000000000008d0        0x0 /usr/lib/gcc/avr/6.3.0/avr5/libgcc.a(_umulhisi3.o)
 .text.libgcc.fmul
                0x00000000000008d0        0x0 /usr/lib/gcc/avr/6.3.0/avr5/libgcc.a(_umulhisi3.o)
 .text.libgcc.fixed
                0x00000000000008d0        0x0 /usr/lib/gcc/avr/6.3.0/avr5/libgcc.a(_umulhisi3.o)
                0x00000000000008d0                . = ALIGN (0x2)
 *(.fini9)
 .fini9         0x00000000000008d0        0x0 /usr/lib/gcc/avr/6.3.0/avr5/libgcc.a(_exit.o)
                0x00000000000008d0                exit
                0x00000000000008d0                _exit
 *(.fini9)
 *(.fini8)
 *(.fini8)
 *(.fini7)
 *(.fini7)
 *(.fini6)
 *(.fini6)
 *(.fini5)
 *(.fini5)
 *(.fini4)
 *(.fini4)
 *(.fini3)
 *(.fini3)
 *(.fini2)
 *(.fini2)
 *(.fini1)
 *(.fini1)
 *(.fini0)
 .fini0         0x00000000000008d0        0x4 /usr/lib/gcc/avr/6.3.0/avr5/libgcc.a(_exit.o)
 *(.fini0)
                0x00000000000008d4                _etext = .

.data           0x0000000000800100        0x0 load address 0x00000000000008d4
                [!provide]                        PROVIDE (__data_start, .)
 *(.data)
 .data          0x0000000000800100        0x0 /usr/lib/gcc/avr/6.3.0/../../../../avr/lib/avr5/crtatmega324pa.o
 .data          0x0000000000800100        0x0 inf1995tp4pb2.o
 .data          0x0000000000800100        0x0 /usr/lib/gcc/avr/6.3.0/../../../../avr/lib/avr5/libm.a(addsf3.o)
 .data          0x0000000000800100        0x0 /usr/lib/gcc/avr/6.3.0/../../../../avr/lib/avr5/libm.a(addsf3x.o)
 .data          0x0000000000800100        0x0 /usr/lib/gcc/avr/6.3.0/../../../../avr/lib/avr5/libm.a(divsf3.o)
 .data          0x0000000000800100        0x0 /usr/lib/gcc/avr/6.3.0/../../../../avr/lib/avr5/libm.a(divsf3x.o)
 .data          0x0000000000800100        0x0 /usr/lib/gcc/avr/6.3.0/../../../../avr/lib/avr5/libm.a(fixsfsi.o)
 .data          0x0000000000800100        0x0 /usr/lib/gcc/avr/6.3.0/../../../../avr/lib/avr5/libm.a(fixunssfsi.o)
 .data          0x0000000000800100        0x0 /usr/lib/gcc/avr/6.3.0/../../../../avr/lib/avr5/libm.a(floatsisf.o)
 .data          0x0000000000800100        0x0 /usr/lib/gcc/avr/6.3.0/../../../../avr/lib/avr5/libm.a(fp_inf.o)
 .data          0x0000000000800100        0x0 /usr/lib/gcc/avr/6.3.0/../../../../avr/lib/avr5/libm.a(fp_nan.o)
 .data          0x0000000000800100        0x0 /usr/lib/gcc/avr/6.3.0/../../../../avr/lib/avr5/libm.a(fp_pscA.o)
 .data          0x0000000000800100        0x0 /usr/lib/gcc/avr/6.3.0/../../../../avr/lib/avr5/libm.a(fp_pscB.o)
 .data          0x0000000000800100        0x0 /usr/lib/gcc/avr/6.3.0/../../../../avr/lib/avr5/libm.a(fp_round.o)
 .data          0x0000000000800100        0x0 /usr/lib/gcc/avr/6.3.0/../../../../avr/lib/avr5/libm.a(fp_split3.o)
 .data          0x0000000000800100        0x0 /usr/lib/gcc/avr/6.3.0/../../../../avr/lib/avr5/libm.a(fp_zero.o)
 .data          0x0000000000800100        0x0 /usr/lib/gcc/avr/6.3.0/../../../../avr/lib/avr5/libm.a(mulsf3.o)
 .data          0x0000000000800100        0x0 /usr/lib/gcc/avr/6.3.0/../../../../avr/lib/avr5/libm.a(mulsf3x.o)
 .data          0x0000000000800100        0x0 /usr/lib/gcc/avr/6.3.0/avr5/libgcc.a(_mulsi3.o)
 .data          0x0000000000800100        0x0 /usr/lib/gcc/avr/6.3.0/avr5/libgcc.a(_udivmodsi4.o)
 .data          0x0000000000800100        0x0 /usr/lib/gcc/avr/6.3.0/avr5/libgcc.a(_exit.o)
 .data          0x0000000000800100        0x0 /usr/lib/gcc/avr/6.3.0/avr5/libgcc.a(_muluhisi3.o)
 .data          0x0000000000800100        0x0 /usr/lib/gcc/avr/6.3.0/avr5/libgcc.a(_umulhisi3.o)
 *(.data*)
 *(.rodata)
 *(.rodata*)
 *(.gnu.linkonce.d*)
                0x0000000000800100                . = ALIGN (0x2)
                0x0000000000800100                _edata = .
                [!provide]                        PROVIDE (__data_end, .)

.bss            0x0000000000800100        0x0
                [!provide]                        PROVIDE (__bss_start, .)
 *(.bss)
 .bss           0x0000000000800100        0x0 /usr/lib/gcc/avr/6.3.0/../../../../avr/lib/avr5/crtatmega324pa.o
 .bss           0x0000000000800100        0x0 inf1995tp4pb2.o
 .bss           0x0000000000800100        0x0 /usr/lib/gcc/avr/6.3.0/../../../../avr/lib/avr5/libm.a(addsf3.o)
 .bss           0x0000000000800100        0x0 /usr/lib/gcc/avr/6.3.0/../../../../avr/lib/avr5/libm.a(addsf3x.o)
 .bss           0x0000000000800100        0x0 /usr/lib/gcc/avr/6.3.0/../../../../avr/lib/avr5/libm.a(divsf3.o)
 .bss           0x0000000000800100        0x0 /usr/lib/gcc/avr/6.3.0/../../../../avr/lib/avr5/libm.a(divsf3x.o)
 .bss           0x0000000000800100        0x0 /usr/lib/gcc/avr/6.3.0/../../../../avr/lib/avr5/libm.a(fixsfsi.o)
 .bss           0x0000000000800100        0x0 /usr/lib/gcc/avr/6.3.0/../../../../avr/lib/avr5/libm.a(fixunssfsi.o)
 .bss           0x0000000000800100        0x0 /usr/lib/gcc/avr/6.3.0/../../../../avr/lib/avr5/libm.a(floatsisf.o)
 .bss           0x0000000000800100        0x0 /usr/lib/gcc/avr/6.3.0/../../../../avr/lib/avr5/libm.a(fp_inf.o)
 .bss           0x0000000000800100        0x0 /usr/lib/gcc/avr/6.3.0/../../../../avr/lib/avr5/libm.a(fp_nan.o)
 .bss           0x0000000000800100        0x0 /usr/lib/gcc/avr/6.3.0/../../../../avr/lib/avr5/libm.a(fp_pscA.o)
 .bss           0x0000000000800100        0x0 /usr/lib/gcc/avr/6.3.0/../../../../avr/lib/avr5/libm.a(fp_pscB.o)
 .bss           0x0000000000800100        0x0 /usr/lib/gcc/avr/6.3.0/../../../../avr/lib/avr5/libm.a(fp_round.o)
 .bss           0x0000000000800100        0x0 /usr/lib/gcc/avr/6.3.0/../../../../avr/lib/avr5/libm.a(fp_split3.o)
 .bss           0x0000000000800100        0x0 /usr/lib/gcc/avr/6.3.0/../../../../avr/lib/avr5/libm.a(fp_zero.o)
 .bss           0x0000000000800100        0x0 /usr/lib/gcc/avr/6.3.0/../../../../avr/lib/avr5/libm.a(mulsf3.o)
 .bss           0x0000000000800100        0x0 /usr/lib/gcc/avr/6.3.0/../../../../avr/lib/avr5/libm.a(mulsf3x.o)
 .bss           0x0000000000800100        0x0 /usr/lib/gcc/avr/6.3.0/avr5/libgcc.a(_mulsi3.o)
 .bss           0x0000000000800100        0x0 /usr/lib/gcc/avr/6.3.0/avr5/libgcc.a(_udivmodsi4.o)
 .bss           0x0000000000800100        0x0 /usr/lib/gcc/avr/6.3.0/avr5/libgcc.a(_exit.o)
 .bss           0x0000000000800100        0x0 /usr/lib/gcc/avr/6.3.0/avr5/libgcc.a(_muluhisi3.o)
 .bss           0x0000000000800100        0x0 /usr/lib/gcc/avr/6.3.0/avr5/libgcc.a(_umulhisi3.o)
 *(.bss*)
 *(COMMON)
                [!provide]                        PROVIDE (__bss_end, .)
                0x00000000000008d4                __data_load_start = LOADADDR (.data)
                0x00000000000008d4                __data_load_end = (__data_load_start + SIZEOF (.data))

.noinit         0x0000000000800100        0x0
                [!provide]                        PROVIDE (__noinit_start, .)
 *(.noinit*)
                [!provide]                        PROVIDE (__noinit_end, .)
                0x0000000000800100                _end = .
                [!provide]                        PROVIDE (__heap_start, .)

.eeprom         0x0000000000810000        0x0
 *(.eeprom*)
                0x0000000000810000                __eeprom_end = .

.fuse
 *(.fuse)
 *(.lfuse)
 *(.hfuse)
 *(.efuse)

.lock
 *(.lock*)

.signature
 *(.signature*)

.stab           0x0000000000000000     0x10d4
 *(.stab)
 .stab          0x0000000000000000      0xb64 inf1995tp4pb2.o
 .stab          0x0000000000000b64      0x108 /usr/lib/gcc/avr/6.3.0/avr5/libgcc.a(_mulsi3.o)
                                        0x114 (size before relaxing)
 .stab          0x0000000000000c6c      0x228 /usr/lib/gcc/avr/6.3.0/avr5/libgcc.a(_udivmodsi4.o)
                                        0x234 (size before relaxing)
 .stab          0x0000000000000e94       0x6c /usr/lib/gcc/avr/6.3.0/avr5/libgcc.a(_exit.o)
                                         0x78 (size before relaxing)
 .stab          0x0000000000000f00       0xcc /usr/lib/gcc/avr/6.3.0/avr5/libgcc.a(_muluhisi3.o)
                                         0xd8 (size before relaxing)
 .stab          0x0000000000000fcc      0x108 /usr/lib/gcc/avr/6.3.0/avr5/libgcc.a(_umulhisi3.o)
                                        0x114 (size before relaxing)

.stabstr        0x0000000000000000     0x1070
 *(.stabstr)
 .stabstr       0x0000000000000000     0x1070 inf1995tp4pb2.o

.stab.excl
 *(.stab.excl)

.stab.exclstr
 *(.stab.exclstr)

.stab.index
 *(.stab.index)

.stab.indexstr
 *(.stab.indexstr)

.comment        0x0000000000000000       0x21
 *(.comment)
 .comment       0x0000000000000000       0x21 inf1995tp4pb2.o
                                         0x22 (size before relaxing)

.note.gnu.avr.deviceinfo
                0x0000000000000000       0x40
 .note.gnu.avr.deviceinfo
                0x0000000000000000       0x40 /usr/lib/gcc/avr/6.3.0/../../../../avr/lib/avr5/crtatmega324pa.o

.note.gnu.build-id
 *(.note.gnu.build-id)

.debug
 *(.debug)

.line
 *(.line)

.debug_srcinfo
 *(.debug_srcinfo)

.debug_sfnames
 *(.debug_sfnames)

.debug_aranges
 *(.debug_aranges)

.debug_pubnames
 *(.debug_pubnames)

.debug_info     0x0000000000000000      0x6cc
 *(.debug_info .gnu.linkonce.wi.*)
 .debug_info    0x0000000000000000      0x6cc /usr/lib/gcc/avr/6.3.0/../../../../avr/lib/avr5/crtatmega324pa.o

.debug_abbrev   0x0000000000000000      0x66e
 *(.debug_abbrev)
 .debug_abbrev  0x0000000000000000      0x66e /usr/lib/gcc/avr/6.3.0/../../../../avr/lib/avr5/crtatmega324pa.o

.debug_line     0x0000000000000000       0x1d
 *(.debug_line .debug_line.* .debug_line_end)
 .debug_line    0x0000000000000000       0x1d /usr/lib/gcc/avr/6.3.0/../../../../avr/lib/avr5/crtatmega324pa.o

.debug_frame
 *(.debug_frame)

.debug_str      0x0000000000000000      0x255
 *(.debug_str)
 .debug_str     0x0000000000000000      0x255 /usr/lib/gcc/avr/6.3.0/../../../../avr/lib/avr5/crtatmega324pa.o

.debug_loc
 *(.debug_loc)

.debug_macinfo
 *(.debug_macinfo)

.debug_weaknames
 *(.debug_weaknames)

.debug_funcnames
 *(.debug_funcnames)

.debug_typenames
 *(.debug_typenames)

.debug_varnames
 *(.debug_varnames)

.debug_pubtypes
 *(.debug_pubtypes)

.debug_ranges
 *(.debug_ranges)

.debug_macro
 *(.debug_macro)
OUTPUT(tp4pb1.out elf32-avr)
LOAD linker stubs
